12
################################################################
################################################################
###############fghij##########fghij#############################
#ABBC########a##############a###################################
#DEEF########b#d#klm########b#q#ABC#############################
#GHHI########c#e#nop########c#r#GHI#############################
................................................................
................................................................
................................................................
........JK.............JK.............JK........................
........LM.............LM.............LM........................
........NO.............NO.............NO........................
128
st/st_0.png
st/st_1.png
st/st_2.png
st/st_3.png
st/st_4.png
st/st_5.png
st/st_6.png
st/st_7.png
st/st_8.png
st/st_9.png
st/st_10.png
st/st_11.png
st/st_12.png
st/st_13.png
st/st_14.png
st/st_15.png
st/st_16.png
st/st_17.png
st/st_18.png
st/st_19.png
st/st_20.png
st/st_21.png
st/st_22.png
st/st_23.png
st/st_24.png
st/st_25.png
st/st_26.png
st/st_27.png
st/st_28.png
st/st_29.png
st/st_30.png
st/st_31.png
st/st_32.png
st/st_33.png
st/st_34.png
st/st_35.png
st/st_36.png
st/st_37.png
st/st_38.png
st/st_39.png
st/st_40.png
st/st_41.png
st/st_42.png
st/st_43.png
st/st_44.png
st/st_45.png
st/st_46.png
st/st_47.png
st/st_48.png
st/st_49.png
st/st_50.png
st/st_51.png
st/st_52.png
st/st_53.png
st/st_54.png
st/st_55.png
st/st_56.png
st/st_57.png
st/st_58.png
st/st_59.png
st/st_60.png
st/st_61.png
st/st_62.png
st/st_63.png
st/st_64.png
st/st_65.png
st/st_66.png
st/st_67.png
st/st_68.png
st/st_69.png
st/st_70.png
st/st_71.png
st/st_72.png
st/st_73.png
st/st_74.png
st/st_75.png
st/st_76.png
st/st_77.png
st/st_78.png
st/st_79.png
st/st_80.png
st/st_81.png
st/st_82.png
st/st_83.png
st/st_84.png
st/st_85.png
st/st_86.png
st/st_87.png
st/st_88.png
st/st_89.png
st/st_90.png
st/st_91.png
st/st_92.png
st/st_93.png
st/st_94.png
st/st_95.png
st/st_96.png
st/st_97.png
st/st_98.png
st/st_99.png
st/st_100.png
st/st_101.png
st/st_102.png
st/st_103.png
st/st_104.png
st/st_105.png
st/st_106.png
st/st_107.png
st/st_108.png
st/st_109.png
st/st_110.png
st/st_111.png
st/st_112.png
st/st_113.png
st/st_114.png
st/st_115.png
st/st_116.png
st/st_117.png
st/st_118.png
st/st_119.png
st/st_120.png
st/st_121.png
st/st_122.png
st/st_123.png
st/st_124.png
st/st_125.png
st/st_126.png
st/st_127.png
st/st_128.png